Verified 59 offline wheels
Processing /wheels/causal_learn-0.1.4.8-py3-none-any.whl
Processing /wheels/cffi-2.1.1-cp314-cp314-manylinux2014_aarch64.manylinux_2_17_aarch64.whl
Processing /wheels/clarabel-0.11.1-cp39-abi3-manylinux_2_17_aarch64.manylinux2014_aarch64.whl
Processing /wheels/cloudpickle-3.1.2-py3-none-any.whl
Processing /wheels/colorama-0.4.6-py2.py3-none-any.whl
Processing /wheels/contourpy-1.4.0-cp314-cp314-manylinux_2_26_aarch64.manylinux_2_28_aarch64.whl
Processing /wheels/cvxpy-1.9.2-cp314-cp314-manylinux_2_24_aarch64.manylinux_2_28_aarch64.whl
Processing /wheels/cycler-0.12.1-py3-none-any.whl
Processing /wheels/cython-3.3.0-cp314-cp314-manylinux2014_aarch64.manylinux_2_17_aarch64.manylinux_2_28_aarch64.whl
Processing /wheels/dowhy-0.14-py3-none-any.whl
Processing /wheels/econml-0.17.0-cp314-cp314-linux_aarch64.whl
Processing /wheels/fonttools-4.65.0-cp314-cp314-manylinux2014_aarch64.manylinux_2_17_aarch64.manylinux_2_28_aarch64.whl
Processing /wheels/formulaic-1.2.2-py3-none-any.whl
Processing /wheels/graphviz-0.21-py3-none-any.whl
Processing /wheels/highspy-1.15.1-cp314-cp314-manylinux_2_24_aarch64.manylinux_2_28_aarch64.whl
Processing /wheels/interface_meta-2.0.1-py3-none-any.whl
Processing /wheels/jinja2-3.1.6-py3-none-any.whl
Processing /wheels/joblib-1.6.0-py3-none-any.whl
Processing /wheels/kiwisolver-1.5.1-cp314-cp314-manylinux_2_24_aarch64.manylinux_2_28_aarch64.whl
Processing /wheels/lightgbm-4.7.0-py3-none-manylinux2014_aarch64.manylinux_2_17_aarch64.whl
Processing /wheels/llvmlite-0.49.0-cp314-cp314-manylinux_2_27_aarch64.manylinux_2_28_aarch64.whl
Processing /wheels/markupsafe-3.0.3-cp314-cp314-manylinux2014_aarch64.manylinux_2_17_aarch64.manylinux_2_28_aarch64.whl
Processing /wheels/matplotlib-3.11.2-cp314-cp314-manylinux_2_26_aarch64.manylinux_2_28_aarch64.whl
Processing /wheels/momentchi2-0.1.8-py3-none-any.whl
Processing /wheels/mpmath-1.3.0-py3-none-any.whl
Processing /wheels/narwhals-2.26.0-py3-none-any.whl
Processing /wheels/networkx-3.6.1-py3-none-any.whl
Processing /wheels/numba-0.67.0-cp314-cp314-manylinux_2_27_aarch64.manylinux_2_28_aarch64.whl
Processing /wheels/numpy-2.5.3-cp314-cp314-manylinux_2_27_aarch64.manylinux_2_28_aarch64.whl
Processing /wheels/osqp-1.1.3-cp314-cp314-manylinux_2_24_aarch64.manylinux_2_28_aarch64.whl
Processing /wheels/packaging-26.3-py3-none-any.whl
Processing /wheels/pandas-3.0.5-cp314-cp314-manylinux_2_24_aarch64.manylinux_2_28_aarch64.whl
Processing /wheels/patsy-1.0.3-py2.py3-none-any.whl
Processing /wheels/pillow-12.3.0-cp314-cp314-manylinux_2_27_aarch64.manylinux_2_28_aarch64.whl
Processing /wheels/pycparser-3.0-py3-none-any.whl
Processing /wheels/pydot-4.0.1-py3-none-any.whl
Processing /wheels/pyparsing-3.3.2-py3-none-any.whl
Processing /wheels/python_dateutil-2.9.0.post0-py2.py3-none-any.whl
Processing /wheels/pyupgrade-3.21.2-py2.py3-none-any.whl
Processing /wheels/qdldl-0.1.9.post1-cp314-cp314-manylinux_2_24_aarch64.manylinux_2_28_aarch64.whl
Processing /wheels/ruff-0.16.7-py3-none-manylinux_2_17_aarch64.manylinux2014_aarch64.whl
Processing /wheels/scikit_learn-1.9.1-cp314-cp314-manylinux_2_27_aarch64.manylinux_2_28_aarch64.whl
Processing /wheels/scipy-1.18.1-cp314-cp314-manylinux_2_27_aarch64.manylinux_2_28_aarch64.whl
Processing /wheels/scs-3.3.1-cp314-cp314-manylinux_2_27_aarch64.manylinux_2_28_aarch64.whl
Processing /wheels/setuptools-84.0.0-py3-none-any.whl
Processing /wheels/shap-0.52.0-cp312-abi3-manylinux_2_24_aarch64.manylinux_2_28_aarch64.whl
Processing /wheels/six-1.17.0-py2.py3-none-any.whl
Processing /wheels/slicer-0.0.8-py3-none-any.whl
Processing /wheels/sparse-0.19.2-py2.py3-none-any.whl
Processing /wheels/sparsediffpy-0.3.0-cp314-cp314-manylinux_2_27_aarch64.manylinux_2_28_aarch64.whl
Processing /wheels/statsmodels-0.15.0-cp314-cp314-manylinux_2_27_aarch64.manylinux_2_28_aarch64.whl
Processing /wheels/sympy-1.14.0-py3-none-any.whl
Processing /wheels/threadpoolctl-3.6.0-py3-none-any.whl
Processing /wheels/tigramite-5.2.10.1-py3-none-any.whl
Processing /wheels/tokenize_rt-6.2.0-py2.py3-none-any.whl
Processing /wheels/tqdm-4.70.1-py3-none-any.whl
Processing /wheels/typing_extensions-4.16.0-py3-none-any.whl
Processing /wheels/tzdata-2026.4-py2.py3-none-any.whl
Processing /wheels/wrapt-2.4.1-cp314-cp314-manylinux2014_aarch64.manylinux_2_17_aarch64.manylinux_2_28_aarch64.whl
Installing collected packages: wrapt, tzdata, typing-extensions, tqdm, tokenize-rt, tigramite, threadpoolctl, sympy, statsmodels, sparsediffpy, sparse, slicer, six, shap, setuptools, scs, scipy, scikit-learn, ruff, qdldl, pyupgrade, python-dateutil, pyparsing, pydot, pycparser, pillow, patsy, pandas, packaging, osqp, numpy, numba, networkx, narwhals, mpmath, momentchi2, matplotlib, markupsafe, llvmlite, lightgbm, kiwisolver, joblib, jinja2, interface-meta, highspy, graphviz, formulaic, fonttools, econml, dowhy, cython, cycler, cvxpy, contourpy, colorama, cloudpickle, clarabel, cffi, causal-learn

Successfully installed causal-learn-0.1.4.8 cffi-2.1.1 clarabel-0.11.1 cloudpickle-3.1.2 colorama-0.4.6 contourpy-1.4.0 cvxpy-1.9.2 cycler-0.12.1 cython-3.3.0 dowhy-0.14 econml-0.17.0 fonttools-4.65.0 formulaic-1.2.2 graphviz-0.21 highspy-1.15.1 interface-meta-2.0.1 jinja2-3.1.6 joblib-1.6.0 kiwisolver-1.5.1 lightgbm-4.7.0 llvmlite-0.49.0 markupsafe-3.0.3 matplotlib-3.11.2 momentchi2-0.1.8 mpmath-1.3.0 narwhals-2.26.0 networkx-3.6.1 numba-0.67.0 numpy-2.5.3 osqp-1.1.3 packaging-26.3 pandas-3.0.5 patsy-1.0.3 pillow-12.3.0 pycparser-3.0 pydot-4.0.1 pyparsing-3.3.2 python-dateutil-2.9.0.post0 pyupgrade-3.21.2 qdldl-0.1.9.post1 ruff-0.16.7 scikit-learn-1.9.1 scipy-1.18.1 scs-3.3.1 setuptools-84.0.0 shap-0.52.0 six-1.17.0 slicer-0.0.8 sparse-0.19.2 sparsediffpy-0.3.0 statsmodels-0.15.0 sympy-1.14.0 threadpoolctl-3.6.0 tigramite-5.2.10.1 tokenize-rt-6.2.0 tqdm-4.70.1 typing-extensions-4.16.0 tzdata-2026.4 wrapt-2.4.1
No broken requirements found.
{"status": "ESTIMATED", "output": "/tmp/offline-result.json"}
OFFLINE_BACKEND_PASS
